// Jest Snapshot v1, https://goo.gl/fbAQLP

exports[`ForcesInChannel component: renders correctly 1`] = `
<div
  className="forces-in-channel"
>
  <img
    alt=""
    className="force-indicator role-icon"
    src="http://localhost:8080/./images/default_img/forceDefault.png"
    style={
      Object {
        "backgroundColor": "#00F",
        "borderColor": "#00F",
      }
    }
    title="Blue"
  />
</div>
`;
