// Jest Snapshot v1, https://goo.gl/fbAQLP

exports[`TurnProgression component: renders correctly 1`] = `
<div
  className="flex-content-wrapper turn-progression-ui adjudication-phase"
  data-tour="turn-phase-step"
>
  <div
    className="turn-info-phase"
  >
    <div
      className="not-initiated"
      title="Initiate wargame via Admin Panel"
    >
      WARGAME NOT INITIATED
    </div>
    <div
      className="turn-phase-group"
    >
      <div
        className="turn-phase-item"
      >
        <h5>
          Turn:
        </h5>
        <h5>
          1
        </h5>
      </div>
      <div
        className="turn-phase-item"
      >
        <h5>
          Phase:
        </h5>
        <h6>
          Adjudication
        </h6>
      </div>
    </div>
    <time
      className="time"
      dateTime="2019-09-29 23:00"
    >
      2019-09-29 23:00
       - 
      Invalid date
    </time>
  </div>
</div>
`;
