// Jest Snapshot v1, https://goo.gl/fbAQLP

exports[`MessageLabel component: renders correctly 1`] = `
<div
  className="MuiChip-root makeStyles-root-1 makeStyles-root-4 MuiChip-sizeSmall makeStyles-sizeSmall-2"
  onKeyDown={[Function]}
  onKeyUp={[Function]}
>
  <span
    className="MuiChip-label MuiChip-labelSmall makeStyles-labelSmall-3"
  >
    Charcoal
  </span>
</div>
`;
