// Jest Snapshot v1, https://goo.gl/fbAQLP

exports[`ChannelMessageDetail: renders correctly 1`] = `
<div
  className="wrap-detail wrap-detail-opened"
>
  <span
    className="detail"
  >
    <div
      className="MuiChip-root makeStyles-root-1 makeStyles-root-4 MuiChip-sizeSmall makeStyles-sizeSmall-2"
      onKeyDown={[Function]}
      onKeyUp={[Function]}
    >
      <span
        className="MuiChip-label MuiChip-labelSmall makeStyles-labelSmall-3"
      >
        Content:
      </span>
    </div>
  </span>
  <span
    className="data"
  >
    <div
      className="paragraph"
    >
      message from Red
    </div>
  </span>
</div>
`;
