// Jest Snapshot v1, https://goo.gl/fbAQLP

exports[`ReactTable component: renders correctly 1`] = `
Array [
  <div
    className="actions"
  >
    <div
      className="filter-section"
    >
      <button
        aria-describedby={null}
        className="MuiButtonBase-root MuiButton-root MuiButton-text"
        disabled={false}
        onBlur={[Function]}
        onClick={[Function]}
        onDragLeave={[Function]}
        onFocus={[Function]}
        onKeyDown={[Function]}
        onKeyUp={[Function]}
        onMouseDown={[Function]}
        onMouseLeave={[Function]}
        onMouseOver={[Function]}
        onMouseUp={[Function]}
        onTouchEnd={[Function]}
        onTouchMove={[Function]}
        onTouchStart={[Function]}
        tabIndex={0}
        title="Filter Data"
        type="button"
      >
        <span
          className="MuiButton-label"
        >
          <svg
            className="svg-inline--fa fa-filter"
          />
        </span>
        <span
          className="MuiTouchRipple-root"
        />
      </button>
      <div
        className="MuiFormControl-root MuiTextField-root"
      >
        <div
          className="MuiInputBase-root MuiInput-root MuiInputBase-formControl MuiInput-formControl"
          onClick={[Function]}
        >
          <input
            aria-invalid={false}
            autoFocus={false}
            className="MuiInputBase-input MuiInput-input"
            disabled={false}
            onAnimationStart={[Function]}
            onBlur={[Function]}
            onChange={[Function]}
            onFocus={[Function]}
            placeholder="Filter data"
            required={false}
            type="text"
            value=""
          />
        </div>
      </div>
    </div>
  </div>,
  <div
    className="sc-dmlpXa iyINlX"
    fixedHeader={false}
    fixedHeaderScrollHeight="100vh"
    responsive={true}
  >
    <div
      className="sc-fKFygU jTPWeN"
    >
      <div
        className="sc-bdfCDU mYSul rdt_Table"
        disabled={false}
        role="table"
      >
        <div
          className="sc-iwyWfK nCTcL"
        >
          <div
            style={
              Object {
                "padding": "24px",
              }
            }
          >
            There are no records to display
          </div>
        </div>
      </div>
    </div>
  </div>,
]
`;
