// Jest Snapshot v1, https://goo.gl/fbAQLP

exports[`SettingForces component: renders correctly 1`] = `
<div
  className="main"
>
  <div
    className="left"
  >
    <div
      className="main"
    >
      <div
        className="searchlist"
      >
        <section
          className="input-container disable-offset fullwidth"
        >
          <div
            className="MuiFormControl-root MuiTextField-root MuiFormControl-fullWidth"
          >
            <div
              className="MuiInputBase-root MuiInput-root makeStyles-root-4 makeStyles-root-6 MuiInput-underline makeStyles-underline-5 makeStyles-underline-7 MuiInputBase-fullWidth MuiInput-fullWidth MuiInputBase-formControl MuiInput-formControl"
              onClick={[Function]}
            >
              <input
                aria-invalid={false}
                autoFocus={false}
                className="MuiInputBase-input MuiInput-input"
                disabled={false}
                name=""
                onAnimationStart={[Function]}
                onBlur={[Function]}
                onChange={[Function]}
                onFocus={[Function]}
                placeholder="Search"
                required={false}
                type="text"
                value=""
              />
            </div>
          </div>
        </section>
        <div
          className="searchlist-list searchlist-list"
        >
          <span
            className="searchlist-row "
            onClick={[Function]}
          >
            <span>
              White
            </span>
            <div
              className="searchlist-menu"
            />
          </span>
          <span
            className="searchlist-row "
            onClick={[Function]}
          >
            <span>
              Blue Force
            </span>
            <div
              className="searchlist-menu"
            />
          </span>
          <span
            className="searchlist-row "
            onClick={[Function]}
          >
            <span>
              Red Force
            </span>
            <div
              className="searchlist-menu"
            />
          </span>
          <span
            className="searchlist-row "
            onClick={[Function]}
          >
            <span>
              Green Force
            </span>
            <div
              className="searchlist-menu"
            />
          </span>
        </div>
      </div>
    </div>
  </div>
  <div
    className="right"
  >
    <div>
      <div
        className="row mb-20"
      >
        <div
          className="col"
        >
          <section
            className="input-container disable-offset underline"
          >
            <div
              className="MuiFormControl-root MuiTextField-root"
            >
              <div
                className="MuiInputBase-root MuiInput-root makeStyles-root-4 makeStyles-root-8 MuiInput-underline makeStyles-underline-5 makeStyles-underline-9 MuiInputBase-formControl MuiInput-formControl"
                onClick={[Function]}
              >
                <input
                  aria-invalid={false}
                  autoFocus={false}
                  className="MuiInputBase-input MuiInput-input"
                  disabled={false}
                  name=""
                  onAnimationStart={[Function]}
                  onBlur={[Function]}
                  onChange={[Function]}
                  onFocus={[Function]}
                  required={false}
                  type="text"
                  value="White"
                />
              </div>
            </div>
          </section>
        </div>
        <div
          className="color-box"
        >
          <div>
            <div
              className="swatch"
              onClick={[Function]}
            >
              <div
                className="color"
                style={
                  Object {
                    "backgroundColor": "#FCFBEE",
                  }
                }
              />
            </div>
          </div>
        </div>
        <div
          className="col"
          style={
            Object {
              "textDecoration": "underline",
            }
          }
        >
          <div
            className="main"
          >
            <div
              className="icon"
              onClick={[Function]}
              style={
                Object {
                  "background": "rgba(0,0,0,0)",
                }
              }
            >
              <div
                className="asset-icon-background"
                style={
                  Object {
                    "backgroundColor": "#415b76",
                  }
                }
              >
                <div
                  className="asset-icon-with-image"
                >
                  <img
                    alt="http://localhost:8080/images/default_img/umpireDefault"
                    className="img"
                    src="http://localhost:8080/images/default_img/umpireDefault.png"
                  />
                </div>
              </div>
            </div>
            <div
              onClick={[Function]}
            >
              Change Icon
            </div>
          </div>
        </div>
        <div
          className="actions"
        >
          <button
            className="MuiButtonBase-root MuiButton-root MuiButton-contained MuiButton-containedPrimary"
            data-qa-type="save"
            disabled={false}
            onBlur={[Function]}
            onClick={[Function]}
            onDragLeave={[Function]}
            onFocus={[Function]}
            onKeyDown={[Function]}
            onKeyUp={[Function]}
            onMouseDown={[Function]}
            onMouseLeave={[Function]}
            onMouseUp={[Function]}
            onTouchEnd={[Function]}
            onTouchMove={[Function]}
            onTouchStart={[Function]}
            tabIndex={0}
            type="button"
          >
            <span
              className="MuiButton-label"
            >
              Save Force
            </span>
            <span
              className="MuiTouchRipple-root"
            />
          </button>
        </div>
      </div>
      <div
        className="row"
      >
        <div
          className="col"
        >
          <div
            className="row"
          >
            <div
              className="col"
            >
              <div
                className="MuiPaper-root MuiAccordion-root accordion MuiAccordion-rounded MuiPaper-elevation1 MuiPaper-rounded"
              >
                <div
                  aria-disabled={false}
                  aria-expanded={false}
                  className="MuiButtonBase-root MuiAccordionSummary-root accordion-header"
                  onBlur={[Function]}
                  onClick={[Function]}
                  onDragLeave={[Function]}
                  onFocus={[Function]}
                  onKeyDown={[Function]}
                  onKeyUp={[Function]}
                  onMouseDown={[Function]}
                  onMouseLeave={[Function]}
                  onMouseUp={[Function]}
                  onTouchEnd={[Function]}
                  onTouchMove={[Function]}
                  onTouchStart={[Function]}
                  role="button"
                  tabIndex={0}
                >
                  <div
                    className="MuiAccordionSummary-content"
                  >
                    <p
                      className="MuiTypography-root accordion-title MuiTypography-body1"
                    >
                      Overview & Objectives
                    </p>
                  </div>
                  <div
                    aria-disabled={false}
                    aria-hidden={true}
                    className="MuiButtonBase-root MuiIconButton-root MuiAccordionSummary-expandIcon MuiIconButton-edgeEnd"
                    onBlur={[Function]}
                    onDragLeave={[Function]}
                    onFocus={[Function]}
                    onKeyDown={[Function]}
                    onKeyUp={[Function]}
                    onMouseDown={[Function]}
                    onMouseLeave={[Function]}
                    onMouseUp={[Function]}
                    onTouchEnd={[Function]}
                    onTouchMove={[Function]}
                    onTouchStart={[Function]}
                    role={null}
                    tabIndex={null}
                  >
                    <span
                      className="MuiIconButton-label"
                    >
                      <svg
                        className="svg-inline--fa fa-caret-down"
                      />
                    </span>
                    <span
                      className="MuiTouchRipple-root"
                    />
                  </div>
                </div>
                <div
                  className="MuiCollapse-root MuiCollapse-hidden"
                  style={
                    Object {
                      "minHeight": "0px",
                    }
                  }
                >
                  <div
                    className="MuiCollapse-wrapper"
                  >
                    <div
                      className="MuiCollapse-wrapperInner"
                    >
                      <div
                        role="region"
                      >
                        <div
                          className="MuiAccordionDetails-root"
                        >
                          <div
                            className="row"
                          >
                            <div
                              className="col section"
                            >
                              <div
                                className="main"
                              >
                                <div
                                  className="placeholder"
                                >
                                  Overview & Objectives
                                </div>
                                <div
                                  className="content"
                                >
                                  <label
                                    className="MuiFormControlLabel-root umprire"
                                  >
                                    <span
                                      className="MuiSwitch-root MuiSwitch-sizeSmall"
                                    >
                                      <span
                                        aria-disabled={false}
                                        className="MuiButtonBase-root MuiIconButton-root PrivateSwitchBase-root-13 MuiSwitch-switchBase WithStyles(ForwardRef(Switch))-switchBase-10 MuiSwitch-colorSecondary PrivateSwitchBase-checked-14 Mui-checked WithStyles(ForwardRef(Switch))-checked-11"
                                        onBlur={[Function]}
                                        onDragLeave={[Function]}
                                        onFocus={[Function]}
                                        onKeyDown={[Function]}
                                        onKeyUp={[Function]}
                                        onMouseDown={[Function]}
                                        onMouseLeave={[Function]}
                                        onMouseUp={[Function]}
                                        onTouchEnd={[Function]}
                                        onTouchMove={[Function]}
                                        onTouchStart={[Function]}
                                        tabIndex={null}
                                      >
                                        <span
                                          className="MuiIconButton-label"
                                        >
                                          <input
                                            checked={true}
                                            className="PrivateSwitchBase-input-16 MuiSwitch-input"
                                            onChange={[Function]}
                                            type="checkbox"
                                          />
                                          <span
                                            className="MuiSwitch-thumb"
                                          />
                                        </span>
                                        <span
                                          className="MuiTouchRipple-root"
                                        />
                                      </span>
                                      <span
                                        className="MuiSwitch-track WithStyles(ForwardRef(Switch))-track-12"
                                      />
                                    </span>
                                    <span
                                      className="MuiTypography-root MuiFormControlLabel-label MuiTypography-body1"
                                    >
                                      Umpire
                                    </span>
                                  </label>
                                  <section
                                    className="input-container disable-offset fullwidth textarea"
                                  >
                                    <div
                                      className="MuiFormControl-root MuiTextField-root MuiFormControl-fullWidth"
                                    >
                                      <div
                                        className="MuiInputBase-root MuiFilledInput-root makeStyles-root-1 MuiInputBase-fullWidth MuiInputBase-formControl MuiInputBase-multiline MuiFilledInput-multiline makeStyles-multiline-3"
                                        onClick={[Function]}
                                      >
                                        <textarea
                                          aria-invalid={false}
                                          autoFocus={false}
                                          className="MuiInputBase-input MuiFilledInput-input makeStyles-input-2 MuiInputBase-inputMultiline MuiFilledInput-inputMultiline"
                                          disabled={false}
                                          name=""
                                          onAnimationStart={[Function]}
                                          onBlur={[Function]}
                                          onChange={[Function]}
                                          onFocus={[Function]}
                                          required={false}
                                          rows={8}
                                          style={
                                            Object {
                                              "height": 0,
                                              "overflow": "hidden",
                                            }
                                          }
                                          value="Umpire force."
                                        />
                                        <textarea
                                          aria-hidden={true}
                                          className="MuiInputBase-input MuiFilledInput-input makeStyles-input-2 MuiInputBase-inputMultiline MuiFilledInput-inputMultiline"
                                          readOnly={true}
                                          style={
                                            Object {
                                              "height": 0,
                                              "left": 0,
                                              "overflow": "hidden",
                                              "position": "absolute",
                                              "top": 0,
                                              "transform": "translateZ(0)",
                                              "visibility": "hidden",
                                            }
                                          }
                                          tabIndex={-1}
                                        />
                                      </div>
                                    </div>
                                  </section>
                                </div>
                              </div>
                            </div>
                          </div>
                        </div>
                      </div>
                    </div>
                  </div>
                </div>
              </div>
            </div>
          </div>
          <div
            className="MuiPaper-root MuiAccordion-root accordion MuiAccordion-rounded MuiPaper-elevation1 MuiPaper-rounded"
          >
            <div
              aria-disabled={false}
              aria-expanded={false}
              className="MuiButtonBase-root MuiAccordionSummary-root accordion-header"
              onBlur={[Function]}
              onClick={[Function]}
              onDragLeave={[Function]}
              onFocus={[Function]}
              onKeyDown={[Function]}
              onKeyUp={[Function]}
              onMouseDown={[Function]}
              onMouseLeave={[Function]}
              onMouseUp={[Function]}
              onTouchEnd={[Function]}
              onTouchMove={[Function]}
              onTouchStart={[Function]}
              role="button"
              tabIndex={0}
            >
              <div
                className="MuiAccordionSummary-content"
              >
                <p
                  className="MuiTypography-root accordion-title MuiTypography-body1"
                >
                  Roles
                </p>
              </div>
              <div
                aria-disabled={false}
                aria-hidden={true}
                className="MuiButtonBase-root MuiIconButton-root MuiAccordionSummary-expandIcon MuiIconButton-edgeEnd"
                onBlur={[Function]}
                onDragLeave={[Function]}
                onFocus={[Function]}
                onKeyDown={[Function]}
                onKeyUp={[Function]}
                onMouseDown={[Function]}
                onMouseLeave={[Function]}
                onMouseUp={[Function]}
                onTouchEnd={[Function]}
                onTouchMove={[Function]}
                onTouchStart={[Function]}
                role={null}
                tabIndex={null}
              >
                <span
                  className="MuiIconButton-label"
                >
                  <svg
                    className="svg-inline--fa fa-caret-down"
                  />
                </span>
                <span
                  className="MuiTouchRipple-root"
                />
              </div>
            </div>
            <div
              className="MuiCollapse-root MuiCollapse-hidden"
              style={
                Object {
                  "minHeight": "0px",
                }
              }
            >
              <div
                className="MuiCollapse-wrapper"
              >
                <div
                  className="MuiCollapse-wrapperInner"
                >
                  <div
                    role="region"
                  >
                    <div
                      className="MuiAccordionDetails-root"
                    >
                      <div
                        className="row"
                      >
                        <div
                          className="col section"
                        >
                          <div
                            className="main"
                          >
                            <div
                              className="placeholder"
                            >
                              Roles
                            </div>
                            <div
                              className="content"
                            >
                              <div
                                className="main"
                              >
                                <ul
                                  className="main"
                                >
                                  <li
                                    className="li"
                                  >
                                    <div
                                      className="presection"
                                    >
                                      <section
                                        className="section"
                                      >
                                        <div
                                          className="value-label"
                                        >
                                          <div
                                            onClick={[Function]}
                                          >
                                            Game Control
                                          </div>
                                        </div>
                                        <span>
                                          <div
                                            className="trash-icon"
                                            onClick={[Function]}
                                          >
                                            <svg
                                              className="svg-inline--fa fa-trash"
                                            />
                                          </div>
                                        </span>
                                        <div
                                          className="role"
                                        >
                                          <div
                                            className="role-item"
                                          >
                                            <div
                                              className="main"
                                              title="Click to Edit"
                                            >
                                              <section
                                                className="password-mask"
                                              >
                                                <div
                                                  className="dots"
                                                >
                                                  <svg
                                                    className="svg-inline--fa fa-circle"
                                                  />
                                                  <svg
                                                    className="svg-inline--fa fa-circle"
                                                  />
                                                  <svg
                                                    className="svg-inline--fa fa-circle"
                                                  />
                                                  <svg
                                                    className="svg-inline--fa fa-circle"
                                                  />
                                                  <svg
                                                    className="svg-inline--fa fa-circle"
                                                  />
                                                  <svg
                                                    className="svg-inline--fa fa-circle"
                                                  />
                                                  <svg
                                                    className="svg-inline--fa fa-circle"
                                                  />
                                                  <svg
                                                    className="svg-inline--fa fa-circle"
                                                  />
                                                  <svg
                                                    className="svg-inline--fa fa-circle"
                                                  />
                                                </div>
                                              </section>
                                              <div
                                                className="key"
                                                onClick={[Function]}
                                              >
                                                <svg
                                                  className="svg-inline--fa fa-key"
                                                />
                                              </div>
                                            </div>
                                            <div
                                              className="role-title"
                                            >
                                              Password
                                            </div>
                                          </div>
                                          <div
                                            className="role-item"
                                          >
                                            <span
                                              className="MuiSwitch-root MuiSwitch-sizeSmall"
                                            >
                                              <span
                                                aria-disabled={false}
                                                className="MuiButtonBase-root MuiIconButton-root PrivateSwitchBase-root-13 MuiSwitch-switchBase WithStyles(ForwardRef(Switch))-switchBase-19 MuiSwitch-colorSecondary PrivateSwitchBase-checked-14 Mui-checked WithStyles(ForwardRef(Switch))-checked-20"
                                                onBlur={[Function]}
                                                onDragLeave={[Function]}
                                                onFocus={[Function]}
                                                onKeyDown={[Function]}
                                                onKeyUp={[Function]}
                                                onMouseDown={[Function]}
                                                onMouseLeave={[Function]}
                                                onMouseUp={[Function]}
                                                onTouchEnd={[Function]}
                                                onTouchMove={[Function]}
                                                onTouchStart={[Function]}
                                                tabIndex={null}
                                              >
                                                <span
                                                  className="MuiIconButton-label"
                                                >
                                                  <input
                                                    checked={true}
                                                    className="PrivateSwitchBase-input-16 MuiSwitch-input"
                                                    disabled={false}
                                                    onChange={[Function]}
                                                    type="checkbox"
                                                  />
                                                  <span
                                                    className="MuiSwitch-thumb"
                                                  />
                                                </span>
                                                <span
                                                  className="MuiTouchRipple-root"
                                                />
                                              </span>
                                              <span
                                                className="MuiSwitch-track WithStyles(ForwardRef(Switch))-track-21"
                                              />
                                            </span>
                                            <div
                                              className="role-title title-center"
                                              title="Game Control"
                                            >
                                              <svg
                                                className="svg-inline--fa fa-chess-king"
                                              />
                                            </div>
                                          </div>
                                          <div
                                            className="role-item"
                                          >
                                            <span
                                              className="MuiSwitch-root MuiSwitch-sizeSmall"
                                            >
                                              <span
                                                aria-disabled={false}
                                                className="MuiButtonBase-root MuiIconButton-root PrivateSwitchBase-root-13 MuiSwitch-switchBase WithStyles(ForwardRef(Switch))-switchBase-19 MuiSwitch-colorSecondary PrivateSwitchBase-checked-14 Mui-checked WithStyles(ForwardRef(Switch))-checked-20"
                                                onBlur={[Function]}
                                                onDragLeave={[Function]}
                                                onFocus={[Function]}
                                                onKeyDown={[Function]}
                                                onKeyUp={[Function]}
                                                onMouseDown={[Function]}
                                                onMouseLeave={[Function]}
                                                onMouseUp={[Function]}
                                                onTouchEnd={[Function]}
                                                onTouchMove={[Function]}
                                                onTouchStart={[Function]}
                                                tabIndex={null}
                                              >
                                                <span
                                                  className="MuiIconButton-label"
                                                >
                                                  <input
                                                    checked={true}
                                                    className="PrivateSwitchBase-input-16 MuiSwitch-input"
                                                    disabled={false}
                                                    onChange={[Function]}
                                                    type="checkbox"
                                                  />
                                                  <span
                                                    className="MuiSwitch-thumb"
                                                  />
                                                </span>
                                                <span
                                                  className="MuiTouchRipple-root"
                                                />
                                              </span>
                                              <span
                                                className="MuiSwitch-track WithStyles(ForwardRef(Switch))-track-21"
                                              />
                                            </span>
                                            <div
                                              className="role-title title-center"
                                              title="Can view all channels"
                                            >
                                              <svg
                                                className="svg-inline--fa fa-eye"
                                              />
                                            </div>
                                          </div>
                                          <div
                                            className="role-item"
                                          >
                                            <span
                                              className="MuiSwitch-root MuiSwitch-sizeSmall"
                                            >
                                              <span
                                                aria-disabled={false}
                                                className="MuiButtonBase-root MuiIconButton-root PrivateSwitchBase-root-13 MuiSwitch-switchBase WithStyles(ForwardRef(Switch))-switchBase-19 MuiSwitch-colorSecondary PrivateSwitchBase-checked-14 Mui-checked WithStyles(ForwardRef(Switch))-checked-20"
                                                onBlur={[Function]}
                                                onDragLeave={[Function]}
                                                onFocus={[Function]}
                                                onKeyDown={[Function]}
                                                onKeyUp={[Function]}
                                                onMouseDown={[Function]}
                                                onMouseLeave={[Function]}
                                                onMouseUp={[Function]}
                                                onTouchEnd={[Function]}
                                                onTouchMove={[Function]}
                                                onTouchStart={[Function]}
                                                tabIndex={null}
                                              >
                                                <span
                                                  className="MuiIconButton-label"
                                                >
                                                  <input
                                                    checked={true}
                                                    className="PrivateSwitchBase-input-16 MuiSwitch-input"
                                                    disabled={false}
                                                    onChange={[Function]}
                                                    type="checkbox"
                                                  />
                                                  <span
                                                    className="MuiSwitch-thumb"
                                                  />
                                                </span>
                                                <span
                                                  className="MuiTouchRipple-root"
                                                />
                                              </span>
                                              <span
                                                className="MuiSwitch-track WithStyles(ForwardRef(Switch))-track-21"
                                              />
                                            </span>
                                            <div
                                              className="role-title title-center"
                                              title="Can view feedback/insights"
                                            >
                                              <svg
                                                className="svg-inline--fa fa-comments"
                                              />
                                            </div>
                                          </div>
                                          <div
                                            className="role-item"
                                          >
                                            <span
                                              className="MuiSwitch-root MuiSwitch-sizeSmall"
                                            >
                                              <span
                                                aria-disabled={false}
                                                className="MuiButtonBase-root MuiIconButton-root PrivateSwitchBase-root-13 MuiSwitch-switchBase WithStyles(ForwardRef(Switch))-switchBase-19 MuiSwitch-colorSecondary PrivateSwitchBase-checked-14 Mui-checked WithStyles(ForwardRef(Switch))-checked-20"
                                                onBlur={[Function]}
                                                onDragLeave={[Function]}
                                                onFocus={[Function]}
                                                onKeyDown={[Function]}
                                                onKeyUp={[Function]}
                                                onMouseDown={[Function]}
                                                onMouseLeave={[Function]}
                                                onMouseUp={[Function]}
                                                onTouchEnd={[Function]}
                                                onTouchMove={[Function]}
                                                onTouchStart={[Function]}
                                                tabIndex={null}
                                              >
                                                <span
                                                  className="MuiIconButton-label"
                                                >
                                                  <input
                                                    checked={true}
                                                    className="PrivateSwitchBase-input-16 MuiSwitch-input"
                                                    disabled={false}
                                                    onChange={[Function]}
                                                    type="checkbox"
                                                  />
                                                  <span
                                                    className="MuiSwitch-thumb"
                                                  />
                                                </span>
                                                <span
                                                  className="MuiTouchRipple-root"
                                                />
                                              </span>
                                              <span
                                                className="MuiSwitch-track WithStyles(ForwardRef(Switch))-track-21"
                                              />
                                            </span>
                                            <div
                                              className="role-title title-center"
                                              title="Can release RFI responses"
                                            >
                                              <svg
                                                className="svg-inline--fa fa-book-open-reader"
                                              />
                                            </div>
                                          </div>
                                        </div>
                                        <span />
                                      </section>
                                    </div>
                                  </li>
                                  <li
                                    className="li"
                                  >
                                    <div
                                      className="presection"
                                    >
                                      <section
                                        className="section"
                                      >
                                        <div
                                          className="value-label"
                                        >
                                          <div
                                            onClick={[Function]}
                                          >
                                            RFI Manager
                                          </div>
                                        </div>
                                        <span>
                                          <div
                                            className="trash-icon"
                                            onClick={[Function]}
                                          >
                                            <svg
                                              className="svg-inline--fa fa-trash"
                                            />
                                          </div>
                                        </span>
                                        <div
                                          className="role"
                                        >
                                          <div
                                            className="role-item"
                                          >
                                            <div
                                              className="main"
                                              title="Click to Edit"
                                            >
                                              <section
                                                className="password-mask"
                                              >
                                                <div
                                                  className="dots"
                                                >
                                                  <svg
                                                    className="svg-inline--fa fa-circle"
                                                  />
                                                  <svg
                                                    className="svg-inline--fa fa-circle"
                                                  />
                                                  <svg
                                                    className="svg-inline--fa fa-circle"
                                                  />
                                                  <svg
                                                    className="svg-inline--fa fa-circle"
                                                  />
                                                  <svg
                                                    className="svg-inline--fa fa-circle"
                                                  />
                                                  <svg
                                                    className="svg-inline--fa fa-circle"
                                                  />
                                                  <svg
                                                    className="svg-inline--fa fa-circle"
                                                  />
                                                  <svg
                                                    className="svg-inline--fa fa-circle"
                                                  />
                                                  <svg
                                                    className="svg-inline--fa fa-circle"
                                                  />
                                                  <svg
                                                    className="svg-inline--fa fa-circle"
                                                  />
                                                </div>
                                              </section>
                                              <div
                                                className="key"
                                                onClick={[Function]}
                                              >
                                                <svg
                                                  className="svg-inline--fa fa-key"
                                                />
                                              </div>
                                            </div>
                                          </div>
                                          <div
                                            className="role-item"
                                          >
                                            <span
                                              className="MuiSwitch-root MuiSwitch-sizeSmall"
                                            >
                                              <span
                                                aria-disabled={false}
                                                className="MuiButtonBase-root MuiIconButton-root PrivateSwitchBase-root-13 MuiSwitch-switchBase WithStyles(ForwardRef(Switch))-switchBase-19 MuiSwitch-colorSecondary PrivateSwitchBase-checked-14 Mui-checked WithStyles(ForwardRef(Switch))-checked-20"
                                                onBlur={[Function]}
                                                onDragLeave={[Function]}
                                                onFocus={[Function]}
                                                onKeyDown={[Function]}
                                                onKeyUp={[Function]}
                                                onMouseDown={[Function]}
                                                onMouseLeave={[Function]}
                                                onMouseUp={[Function]}
                                                onTouchEnd={[Function]}
                                                onTouchMove={[Function]}
                                                onTouchStart={[Function]}
                                                tabIndex={null}
                                              >
                                                <span
                                                  className="MuiIconButton-label"
                                                >
                                                  <input
                                                    checked={true}
                                                    className="PrivateSwitchBase-input-16 MuiSwitch-input"
                                                    disabled={false}
                                                    onChange={[Function]}
                                                    type="checkbox"
                                                  />
                                                  <span
                                                    className="MuiSwitch-thumb"
                                                  />
                                                </span>
                                                <span
                                                  className="MuiTouchRipple-root"
                                                />
                                              </span>
                                              <span
                                                className="MuiSwitch-track WithStyles(ForwardRef(Switch))-track-21"
                                              />
                                            </span>
                                          </div>
                                          <div
                                            className="role-item"
                                          >
                                            <span
                                              className="MuiSwitch-root MuiSwitch-sizeSmall"
                                            >
                                              <span
                                                aria-disabled={false}
                                                className="MuiButtonBase-root MuiIconButton-root PrivateSwitchBase-root-13 MuiSwitch-switchBase WithStyles(ForwardRef(Switch))-switchBase-19 MuiSwitch-colorSecondary PrivateSwitchBase-checked-14 Mui-checked WithStyles(ForwardRef(Switch))-checked-20"
                                                onBlur={[Function]}
                                                onDragLeave={[Function]}
                                                onFocus={[Function]}
                                                onKeyDown={[Function]}
                                                onKeyUp={[Function]}
                                                onMouseDown={[Function]}
                                                onMouseLeave={[Function]}
                                                onMouseUp={[Function]}
                                                onTouchEnd={[Function]}
                                                onTouchMove={[Function]}
                                                onTouchStart={[Function]}
                                                tabIndex={null}
                                              >
                                                <span
                                                  className="MuiIconButton-label"
                                                >
                                                  <input
                                                    checked={true}
                                                    className="PrivateSwitchBase-input-16 MuiSwitch-input"
                                                    disabled={false}
                                                    onChange={[Function]}
                                                    type="checkbox"
                                                  />
                                                  <span
                                                    className="MuiSwitch-thumb"
                                                  />
                                                </span>
                                                <span
                                                  className="MuiTouchRipple-root"
                                                />
                                              </span>
                                              <span
                                                className="MuiSwitch-track WithStyles(ForwardRef(Switch))-track-21"
                                              />
                                            </span>
                                          </div>
                                          <div
                                            className="role-item"
                                          >
                                            <span
                                              className="MuiSwitch-root MuiSwitch-sizeSmall"
                                            >
                                              <span
                                                aria-disabled={false}
                                                className="MuiButtonBase-root MuiIconButton-root PrivateSwitchBase-root-13 MuiSwitch-switchBase WithStyles(ForwardRef(Switch))-switchBase-19 MuiSwitch-colorSecondary PrivateSwitchBase-checked-14 Mui-checked WithStyles(ForwardRef(Switch))-checked-20"
                                                onBlur={[Function]}
                                                onDragLeave={[Function]}
                                                onFocus={[Function]}
                                                onKeyDown={[Function]}
                                                onKeyUp={[Function]}
                                                onMouseDown={[Function]}
                                                onMouseLeave={[Function]}
                                                onMouseUp={[Function]}
                                                onTouchEnd={[Function]}
                                                onTouchMove={[Function]}
                                                onTouchStart={[Function]}
                                                tabIndex={null}
                                              >
                                                <span
                                                  className="MuiIconButton-label"
                                                >
                                                  <input
                                                    checked={true}
                                                    className="PrivateSwitchBase-input-16 MuiSwitch-input"
                                                    disabled={false}
                                                    onChange={[Function]}
                                                    type="checkbox"
                                                  />
                                                  <span
                                                    className="MuiSwitch-thumb"
                                                  />
                                                </span>
                                                <span
                                                  className="MuiTouchRipple-root"
                                                />
                                              </span>
                                              <span
                                                className="MuiSwitch-track WithStyles(ForwardRef(Switch))-track-21"
                                              />
                                            </span>
                                          </div>
                                          <div
                                            className="role-item"
                                          >
                                            <span
                                              className="MuiSwitch-root MuiSwitch-sizeSmall"
                                            >
                                              <span
                                                aria-disabled={false}
                                                className="MuiButtonBase-root MuiIconButton-root PrivateSwitchBase-root-13 MuiSwitch-switchBase WithStyles(ForwardRef(Switch))-switchBase-19 MuiSwitch-colorSecondary PrivateSwitchBase-checked-14 Mui-checked WithStyles(ForwardRef(Switch))-checked-20"
                                                onBlur={[Function]}
                                                onDragLeave={[Function]}
                                                onFocus={[Function]}
                                                onKeyDown={[Function]}
                                                onKeyUp={[Function]}
                                                onMouseDown={[Function]}
                                                onMouseLeave={[Function]}
                                                onMouseUp={[Function]}
                                                onTouchEnd={[Function]}
                                                onTouchMove={[Function]}
                                                onTouchStart={[Function]}
                                                tabIndex={null}
                                              >
                                                <span
                                                  className="MuiIconButton-label"
                                                >
                                                  <input
                                                    checked={true}
                                                    className="PrivateSwitchBase-input-16 MuiSwitch-input"
                                                    disabled={false}
                                                    onChange={[Function]}
                                                    type="checkbox"
                                                  />
                                                  <span
                                                    className="MuiSwitch-thumb"
                                                  />
                                                </span>
                                                <span
                                                  className="MuiTouchRipple-root"
                                                />
                                              </span>
                                              <span
                                                className="MuiSwitch-track WithStyles(ForwardRef(Switch))-track-21"
                                              />
                                            </span>
                                          </div>
                                        </div>
                                        <span />
                                      </section>
                                    </div>
                                  </li>
                                </ul>
                                <div
                                  className="add-section"
                                >
                                  <button
                                    className="button"
                                    onClick={[Function]}
                                  >
                                    Add Role
                                  </button>
                                </div>
                              </div>
                            </div>
                          </div>
                        </div>
                      </div>
                    </div>
                  </div>
                </div>
              </div>
            </div>
          </div>
        </div>
      </div>
    </div>
  </div>
</div>
`;
