// Jest Snapshot v1, https://goo.gl/fbAQLP

exports[`password-view renders correctly 1`] = `
<div
  className="main"
  title="Click to Edit"
>
  <section
    className="password-mask"
  >
    <div
      className="dots"
    />
  </section>
  <div
    className="key"
    onClick={[Function]}
  >
    <svg
      className="svg-inline--fa fa-key"
    />
  </div>
</div>
`;
