// Jest Snapshot v1, https://goo.gl/fbAQLP

exports[`Message renders correctly 1`] = `
Array [
  <div
    className="info-wrap"
  >
    <div
      className="MuiChip-root MuiChip-colorPrimary"
      onKeyDown={[Function]}
      onKeyUp={[Function]}
    >
      <span
        className="MuiChip-label"
      >
        White
      </span>
    </div>
    <div
      className="MuiChip-root MuiChip-colorSecondary"
      onKeyDown={[Function]}
      onKeyUp={[Function]}
    >
      <span
        className="MuiChip-label"
      >
        Game Control
      </span>
    </div>
    <span>
      2020-03-25 15:08
    </span>
  </div>,
  <div>
    test

  </div>,
  <p
    className="feedback-marker"
    style={
      Object {
        "borderColor": "#FCFBEE",
      }
    }
  />,
]
`;
