// Jest Snapshot v1, https://goo.gl/fbAQLP

exports[`ChatMessagesList renders correctly renders component correctly 1`] = `
<div>
  <div
    className="MuiBox-root MuiBox-root-1"
  >
    <div
      className="forces-in-channel"
    >
      <img
        alt=""
        className="force-indicator role-icon"
        src="http://localhost:8080/default_img/forceDefault.png"
        style={
          Object {
            "backgroundColor": "#F00",
            "borderColor": "#F00",
          }
        }
        title="Blue"
      />
      <button
        aria-describedby={null}
        className="MuiButtonBase-root MuiButton-root MuiButton-text mark-all-read"
        disabled={false}
        onBlur={[Function]}
        onClick={[Function]}
        onDragLeave={[Function]}
        onFocus={[Function]}
        onKeyDown={[Function]}
        onKeyUp={[Function]}
        onMouseDown={[Function]}
        onMouseLeave={[Function]}
        onMouseOver={[Function]}
        onMouseUp={[Function]}
        onTouchEnd={[Function]}
        onTouchMove={[Function]}
        onTouchStart={[Function]}
        tabIndex={0}
        title="Mark All as Read"
        type="button"
      >
        <span
          className="MuiButton-label"
        >
          <svg
            className="svg-inline--fa fa-envelope"
          />
        </span>
        <span
          className="MuiTouchRipple-root"
        />
      </button>
    </div>
  </div>
  <div
    className="MuiBox-root MuiBox-root-2 messages-list"
    style={
      Object {
        "height": "calc(100vh - 280px)",
      }
    }
  >
    <div
      className="MuiBox-root MuiBox-root-3"
    >
      <div
        className="MuiBox-root MuiBox-root-4"
        style={
          Object {
            "float": "right",
          }
        }
      >
        <div
          className="chat-message-wrapper 
      chat-message-wrapper__other"
          style={
            Object {
              "position": "relative",
            }
          }
        >
          <span
            className="message-bar"
            onClick={[Function]}
            style={
              Object {
                "background": "#FCFBEE",
                "borderRadius": "8px 0 0 8px",
                "left": "0%",
              }
            }
          />
          <div
            className="message-text"
          >
            Content of message
          </div>
          <div
            className="MuiBox-root MuiBox-root-5"
          >
            <span>
              <span
                className="icon-private"
              >
                <svg
                  className="svg-inline--fa fa-user-secret"
                />
              </span>
              <span
                className="label-private"
              >
                Private message:
              </span>
            </span>
            <div
              className="MuiBox-root MuiBox-root-6"
            >
              <div
                className="MuiChip-root makeStyles-root-7 makeStyles-root-10 MuiChip-sizeSmall makeStyles-sizeSmall-8"
                onKeyDown={[Function]}
                onKeyUp={[Function]}
              >
                <span
                  className="MuiChip-label makeStyles-label-9 makeStyles-label-11 MuiChip-labelSmall"
                >
                  Game Control
                </span>
              </div>
              <span
                className="info-body info-body__other"
              >
                05:41
              </span>
            </div>
          </div>
          <div
            className="MuiBox-root MuiBox-root-12 private"
          >
            <div
              className="paragraph"
            >
              Private weather message
            </div>
          </div>
        </div>
      </div>
    </div>
  </div>
</div>
`;
