// Jest Snapshot v1, https://goo.gl/fbAQLP

exports[`AdminPanelFooter component: renders correctly 1`] = `
<div
  className="role-info"
  data-tour="role-info-step"
  style={
    Object {
      "backgroundColor": "#3dd0ff",
    }
  }
>
  <div
    className="force-role"
    data-tour="objectives-step"
  >
    <a
      className="role-type"
      href="http://localhost:3000/?wargame=wargame-k16fadm4&access=pk16ffhn3"
    >
      Comms
    </a>
    <div
      className="force-type"
    >
      Blue
    </div>
  </div>
  <img
    alt=""
    className="role-icon"
    data-tour="second-step"
    onClick={[Function]}
    src="http://localhost:8080/http://localhost:8080/default_img/forceDefault.png"
    style={
      Object {
        "backgroundColor": "#3dd0ff",
      }
    }
  />
</div>
`;
