// Jest Snapshot v1, https://goo.gl/fbAQLP

exports[`MessageCreator renders correctly 1`] = `
Array [
  <div
    className="form-group message-creator"
  />,
  <div
    className="flex-content form-group"
  >
    <label
      className="material-label"
      htmlFor=""
      id="private-message-input-label"
    >
      <svg
        className="svg-inline--fa fa-user-secret"
      />
      Private message
    </label>
    <textarea
      className="form-control"
      id="private-message-input"
      onChange={[Function]}
      value=""
    />
  </div>,
  <div
    className="form-group"
  >
    <button
      className="btn btn-action btn-action--form btn-action--cancel"
      name="cancel"
      onClick={[Function]}
    >
      <span>
        Cancel
      </span>
    </button>
    <button
      className="btn btn-action btn-action--form btn-action--send-message"
      name="send"
      onClick={[Function]}
    >
      <span>
        Send Message
      </span>
    </button>
  </div>,
]
`;
