// Jest Snapshot v1, https://goo.gl/fbAQLP

exports[`Badge component: renders correctly 1`] = `
<div>
  <div
    className="MuiChip-root makeStyles-root-1 makeStyles-root-4"
    onKeyDown={[Function]}
    onKeyUp={[Function]}
  >
    <span
      className="MuiChip-label makeStyles-label-3 makeStyles-label-5"
    >
      Charcoal
    </span>
  </div>
  <div
    className="MuiChip-root makeStyles-root-1 makeStyles-root-6 MuiChip-outlined"
    onKeyDown={[Function]}
    onKeyUp={[Function]}
  >
    <span
      className="MuiChip-label makeStyles-label-3 makeStyles-label-7"
    >
      Outline
    </span>
  </div>
  <div
    className="MuiChip-root makeStyles-root-1 makeStyles-root-8 MuiChip-outlined"
    onKeyDown={[Function]}
    onKeyUp={[Function]}
  >
    <span
      className="MuiChip-label makeStyles-label-3 makeStyles-label-9"
    >
      Outline custom color
    </span>
  </div>
</div>
`;
